// Jest Snapshot v1, https://goo.gl/fbAQLP

exports[`Settings Slider component should match snapshot 1`] = `
<div>
  <p
    className="MuiTypography-root MuiTypography-body1 MuiTypography-gutterBottom"
  >
    Clear Darts Timeout
  </p>
  <div
    className="mockSlider"
    marks={
      Array [
        Object {
          "label": "∞",
          "value": 0,
        },
        Object {
          "label": "30s",
          "value": 30,
        },
        Object {
          "label": "60s",
          "value": 60,
        },
        Object {
          "label": "90s",
          "value": 90,
        },
        Object {
          "label": "120s",
          "value": 120,
        },
      ]
    }
    max={120}
    min={0}
    step={5}
    value={0}
  >
    0
  </div>
  <div
    className="mockSliderOnChange"
    onChange={[Function]}
  />
  <div
    className="mockSliderOnChangeCommitted"
    onChange={[Function]}
  />
</div>
`;
