// Jest Snapshot v1, https://goo.gl/fbAQLP

exports[`Home component should match snapshot 1`] = `
<WithStyles(ForwardRef(Grid))
  alignItems="center"
  className="home"
  container={true}
  direction="column"
  justify="center"
  spacing={3}
>
  <WithStyles(ForwardRef(Grid))
    item={true}
  >
    <WithStyles(ForwardRef(Typography))
      className="title"
      variant="h2"
    >
      Darts
    </WithStyles(ForwardRef(Typography))>
  </WithStyles(ForwardRef(Grid))>
  <WithStyles(ForwardRef(Grid))
    item={true}
  >
    <Options
      items={
        Array [
          Object {
            "label": "01's",
            "onClick": [Function],
          },
        ]
      }
    />
  </WithStyles(ForwardRef(Grid))>
  <WithStyles(ForwardRef(Grid))
    item={true}
  >
    <WithStyles(ForwardRef(Button))
      className="button"
      color="secondary"
      disableElevation={true}
      onClick={[Function]}
      variant="contained"
    >
      Settings
    </WithStyles(ForwardRef(Button))>
  </WithStyles(ForwardRef(Grid))>
</WithStyles(ForwardRef(Grid))>
`;
