// Jest Snapshot v1, https://goo.gl/fbAQLP

exports[`Panel component should match snapshot 1`] = `
<WithStyles(ForwardRef(Grid))
  alignItems="center"
  className="gamePanel"
  container={true}
  direction="column"
  justify="center"
>
  <WithStyles(ForwardRef(Grid))
    item={true}
  >
    <HeaderBar
      gameManager={Object {}}
    />
  </WithStyles(ForwardRef(Grid))>
  <WithStyles(ForwardRef(Grid))
    alignItems="center"
    container={true}
    direction="row"
    item={true}
    justify="center"
  >
    <WithStyles(ForwardRef(Grid))
      item={true}
      xs={3}
    >
      <Connect(RoundsPanelComponent) />
    </WithStyles(ForwardRef(Grid))>
    <WithStyles(ForwardRef(Grid))
      className="center"
      item={true}
      xs={6}
    >
      <Connect(DartsPanelComponent)
        gameManager={Object {}}
      />
    </WithStyles(ForwardRef(Grid))>
    <WithStyles(ForwardRef(Grid))
      item={true}
      xs={3}
    />
  </WithStyles(ForwardRef(Grid))>
  <WithStyles(ForwardRef(Grid))
    item={true}
  >
    <Connect(PlayersPanelComponent) />
  </WithStyles(ForwardRef(Grid))>
</WithStyles(ForwardRef(Grid))>
`;
